<?xml version="1.0" encoding="UTF-8"?>
<testsuites name="GutTests" failures="0" tests="1" >
  <testsuite name="Test/test_jugador.gd" tests="1" failures="0" skipped="0" time="0.001305" >
      <testcase name="test_hacha_daño_correcto" assertions="2" status="pass" classname="Test/test_jugador.gd" time="0.001305" >
      </testcase>
      </testsuite>
  </testsuites>